
🍺  Homebrew Analytics → SQLite
   Database : /Users/sarahye/Downloads/vscodeprojects/wex26/brew_analytics.db
  Fetching https://formulae.brew.sh/api/analytics/install/30d.json ...
  ✓ Inserted run #3 with 17,117 formula rows.

=======================================================
  Homebrew Analytics – Top 10 Formulae (30 days)
=======================================================
  Period : 2026-02-23  →  2026-03-25
  Total  : 27,698,153 installs across 23,300 formulae
-------------------------------------------------------
    #  Formula                          Installs      %
-------------------------------------------------------
    1  openssl@3                         488,132   1.76
    2  ca-certificates                   428,396   1.55
    3  sqlite                            411,135   1.48
    4  xz                                398,379   1.44
    5  zstd                              389,103   1.40
    6  node                              364,776   1.32
    7  gh                                347,353   1.25
    8  readline                          318,459   1.15
    9  icu4c@78                          270,564   0.98
   10  libunistring                      257,607   0.93
=======================================================

  Database saved to: /Users/sarahye/Downloads/vscodeprojects/wex26/brew_analytics.db


🍺  Homebrew Analytics → SQLite
   Database : /Users/sarahye/Downloads/vscodeprojects/wex26/brew_analytics.db
  Fetching https://formulae.brew.sh/api/analytics/install/30d.json ...
  ✓ Inserted run #4 with 17,117 formula rows.

=======================================================
  Homebrew Analytics – Top 10 Formulae (30 days)
=======================================================
  Period : 2026-02-23  →  2026-03-25
  Total  : 27,698,153 installs across 23,300 formulae
-------------------------------------------------------
    #  Formula                          Installs      %
-------------------------------------------------------
    1  openssl@3                         488,132   1.76
    2  ca-certificates                   428,396   1.55
    3  sqlite                            411,135   1.48
    4  xz                                398,379   1.44
    5  zstd                              389,103   1.40
    6  node                              364,776   1.32
    7  gh                                347,353   1.25
    8  readline                          318,459   1.15
    9  icu4c@78                          270,564   0.98
   10  libunistring                      257,607   0.93
=======================================================

  Database saved to: /Users/sarahye/Downloads/vscodeprojects/wex26/brew_analytics.db


🍺  Homebrew Analytics → SQLite
   Database : /Users/sarahye/Downloads/vscodeprojects/wex26/brew_analytics.db
  Fetching https://formulae.brew.sh/api/analytics/install/30d.json ...
  ✓ Inserted run #5 with 17,088 formula rows.

=======================================================
  Homebrew Analytics – Top 10 Formulae (30 days)
=======================================================
  Period : 2026-02-23  →  2026-03-25
  Total  : 27,748,383 installs across 23,282 formulae
-------------------------------------------------------
    #  Formula                          Installs      %
-------------------------------------------------------
    1  openssl@3                         486,702   1.75
    2  ca-certificates                   433,240   1.56
    3  sqlite                            412,308   1.49
    4  xz                                398,158   1.43
    5  zstd                              388,074   1.40
    6  node                              368,055   1.33
    7  gh                                343,242   1.24
    8  readline                          318,185   1.15
    9  icu4c@78                          273,214   0.98
   10  libunistring                      259,977   0.94
=======================================================

  Database saved to: /Users/sarahye/Downloads/vscodeprojects/wex26/brew_analytics.db


🍺  Homebrew Analytics → SQLite
   Database : /Users/sarahye/Downloads/vscodeprojects/wex26/brew_analytics.db
  Fetching https://formulae.brew.sh/api/analytics/install/30d.json ...
  ✓ Inserted run #6 with 17,028 formula rows.

=======================================================
  Homebrew Analytics – Top 10 Formulae (30 days)
=======================================================
  Period : 2026-02-24  →  2026-03-26
  Total  : 27,780,449 installs across 23,207 formulae
-------------------------------------------------------
    #  Formula                          Installs      %
-------------------------------------------------------
    1  openssl@3                         484,368   1.74
    2  ca-certificates                   440,131   1.58
    3  sqlite                            413,654   1.49
    4  xz                                396,824   1.43
    5  zstd                              386,290   1.39
    6  node                              367,941   1.32
    7  gh                                331,941   1.19
    8  readline                          317,747   1.14
    9  icu4c@78                          276,908   1.00
   10  libunistring                      263,669   0.95
=======================================================

  Database saved to: /Users/sarahye/Downloads/vscodeprojects/wex26/brew_analytics.db


🍺  Homebrew Analytics → SQLite
   Database : /Users/sarahye/Downloads/vscodeprojects/wex26/brew_analytics.db
  Fetching https://formulae.brew.sh/api/analytics/install/30d.json ...
  ✓ Inserted run #7 with 17,042 formula rows.

=======================================================
  Homebrew Analytics – Top 10 Formulae (30 days)
=======================================================
  Period : 2026-02-25  →  2026-03-27
  Total  : 27,774,533 installs across 23,249 formulae
-------------------------------------------------------
    #  Formula                          Installs      %
-------------------------------------------------------
    1  openssl@3                         481,121   1.73
    2  ca-certificates                   445,572   1.60
    3  sqlite                            413,913   1.49
    4  xz                                395,285   1.42
    5  zstd                              383,358   1.38
    6  node                              367,110   1.32
    7  gh                                337,492   1.22
    8  readline                          316,447   1.14
    9  icu4c@78                          279,441   1.01
   10  libunistring                      267,036   0.96
=======================================================

  Database saved to: /Users/sarahye/Downloads/vscodeprojects/wex26/brew_analytics.db


🍺  Homebrew Analytics → SQLite
   Database : /Users/sarahye/Downloads/vscodeprojects/wex26/brew_analytics.db
  Fetching https://formulae.brew.sh/api/analytics/install/30d.json ...
  ✓ Inserted run #8 with 17,020 formula rows.

=======================================================
  Homebrew Analytics – Top 10 Formulae (30 days)
=======================================================
  Period : 2026-02-26  →  2026-03-28
  Total  : 27,669,979 installs across 23,182 formulae
-------------------------------------------------------
    #  Formula                          Installs      %
-------------------------------------------------------
    1  openssl@3                         475,957   1.72
    2  ca-certificates                   448,672   1.62
    3  sqlite                            412,789   1.49
    4  xz                                391,074   1.41
    5  zstd                              379,228   1.37
    6  node                              365,557   1.32
    7  gh                                337,696   1.22
    8  readline                          314,028   1.13
    9  icu4c@78                          279,994   1.01
   10  libunistring                      260,633   0.94
=======================================================

  Database saved to: /Users/sarahye/Downloads/vscodeprojects/wex26/brew_analytics.db


🍺  Homebrew Analytics → SQLite
   Database : /Users/sarahye/Downloads/vscodeprojects/wex26/brew_analytics.db
  Fetching https://formulae.brew.sh/api/analytics/install/30d.json ...
  ✓ Inserted run #9 with 17,007 formula rows.

=======================================================
  Homebrew Analytics – Top 10 Formulae (30 days)
=======================================================
  Period : 2026-02-27  →  2026-03-29
  Total  : 27,497,122 installs across 23,152 formulae
-------------------------------------------------------
    #  Formula                          Installs      %
-------------------------------------------------------
    1  openssl@3                         469,943   1.71
    2  ca-certificates                   449,748   1.64
    3  sqlite                            410,727   1.49
    4  xz                                386,087   1.40
    5  zstd                              375,081   1.36
    6  node                              363,783   1.32
    7  gh                                335,439   1.22
    8  readline                          310,558   1.13
    9  icu4c@78                          280,148   1.02
   10  libunistring                      251,936   0.92
=======================================================

  Database saved to: /Users/sarahye/Downloads/vscodeprojects/wex26/brew_analytics.db


🍺  Homebrew Analytics → SQLite
   Database : /Users/sarahye/Downloads/vscodeprojects/wex26/brew_analytics.db
  Fetching https://formulae.brew.sh/api/analytics/install/30d.json ...
  ✓ Inserted run #10 with 17,056 formula rows.

=======================================================
  Homebrew Analytics – Top 10 Formulae (30 days)
=======================================================
  Period : 2026-02-28  →  2026-03-30
  Total  : 27,585,134 installs across 23,266 formulae
-------------------------------------------------------
    #  Formula                          Installs      %
-------------------------------------------------------
    1  openssl@3                         467,635   1.70
    2  ca-certificates                   455,192   1.65
    3  sqlite                            411,561   1.49
    4  xz                                385,230   1.40
    5  zstd                              374,032   1.36
    6  node                              363,817   1.32
    7  gh                                336,319   1.22
    8  readline                          310,093   1.12
    9  icu4c@78                          282,357   1.02
   10  lz4                               251,111   0.91
=======================================================

  Database saved to: /Users/sarahye/Downloads/vscodeprojects/wex26/brew_analytics.db


🍺  Homebrew Analytics → SQLite
   Database : /Users/sarahye/Downloads/vscodeprojects/wex26/brew_analytics.db
  Fetching https://formulae.brew.sh/api/analytics/install/30d.json ...
  ✓ Inserted run #11 with 17,102 formula rows.

=======================================================
  Homebrew Analytics – Top 10 Formulae (30 days)
=======================================================
  Period : 2026-03-01  →  2026-03-31
  Total  : 27,857,799 installs across 23,363 formulae
-------------------------------------------------------
    #  Formula                          Installs      %
-------------------------------------------------------
    1  openssl@3                         470,360   1.69
    2  ca-certificates                   464,390   1.67
    3  sqlite                            415,593   1.49
    4  xz                                388,704   1.40
    5  zstd                              376,716   1.35
    6  node                              365,243   1.31
    7  gh                                339,038   1.22
    8  readline                          312,348   1.12
    9  icu4c@78                          286,350   1.03
   10  lz4                               253,872   0.91
=======================================================

  Database saved to: /Users/sarahye/Downloads/vscodeprojects/wex26/brew_analytics.db


🍺  Homebrew Analytics → SQLite
   Database : /Users/sarahye/Downloads/vscodeprojects/wex26/brew_analytics.db
  Fetching https://formulae.brew.sh/api/analytics/install/30d.json ...
  ✓ Inserted run #12 with 17,150 formula rows.

=======================================================
  Homebrew Analytics – Top 10 Formulae (30 days)
=======================================================
  Period : 2026-03-02  →  2026-04-01
  Total  : 27,960,184 installs across 23,406 formulae
-------------------------------------------------------
    #  Formula                          Installs      %
-------------------------------------------------------
    1  ca-certificates                   471,225   1.69
    2  openssl@3                         469,804   1.68
    3  sqlite                            417,867   1.49
    4  xz                                400,192   1.43
    5  zstd                              376,596   1.35
    6  node                              357,679   1.28
    7  gh                                340,002   1.22
    8  readline                          313,086   1.12
    9  icu4c@78                          288,587   1.03
   10  lz4                               254,785   0.91
=======================================================

  Database saved to: /Users/sarahye/Downloads/vscodeprojects/wex26/brew_analytics.db


🍺  Homebrew Analytics → SQLite
   Database : /Users/sarahye/Downloads/vscodeprojects/wex26/brew_analytics.db
  Fetching https://formulae.brew.sh/api/analytics/install/30d.json ...
  ✓ Inserted run #13 with 17,186 formula rows.

=======================================================
  Homebrew Analytics – Top 10 Formulae (30 days)
=======================================================
  Period : 2026-03-03  →  2026-04-02
  Total  : 27,959,286 installs across 23,423 formulae
-------------------------------------------------------
    #  Formula                          Installs      %
-------------------------------------------------------
    1  ca-certificates                   475,782   1.70
    2  openssl@3                         466,375   1.67
    3  sqlite                            417,991   1.49
    4  xz                                413,671   1.48
    5  zstd                              374,895   1.34
    6  node                              355,063   1.27
    7  gh                                339,703   1.21
    8  readline                          312,045   1.12
    9  icu4c@78                          289,804   1.04
   10  lz4                               255,118   0.91
=======================================================

  Database saved to: /Users/sarahye/Downloads/vscodeprojects/wex26/brew_analytics.db


🍺  Homebrew Analytics → SQLite
   Database : /Users/sarahye/Downloads/vscodeprojects/wex26/brew_analytics.db
  Fetching https://formulae.brew.sh/api/analytics/install/30d.json ...
  ✓ Inserted run #14 with 17,225 formula rows.

=======================================================
  Homebrew Analytics – Top 10 Formulae (30 days)
=======================================================
  Period : 2026-03-04  →  2026-04-03
  Total  : 27,900,732 installs across 23,480 formulae
-------------------------------------------------------
    #  Formula                          Installs      %
-------------------------------------------------------
    1  ca-certificates                   479,104   1.72
    2  openssl@3                         461,610   1.65
    3  xz                                421,720   1.51
    4  sqlite                            417,130   1.50
    5  zstd                              372,453   1.33
    6  node                              361,534   1.30
    7  gh                                338,664   1.21
    8  readline                          309,924   1.11
    9  icu4c@78                          290,795   1.04
   10  lz4                               255,160   0.91
=======================================================

  Database saved to: /Users/sarahye/Downloads/vscodeprojects/wex26/brew_analytics.db


🍺  Homebrew Analytics → SQLite
   Database : /Users/sarahye/Downloads/vscodeprojects/wex26/brew_analytics.db
  Fetching https://formulae.brew.sh/api/analytics/install/30d.json ...
  ✓ Inserted run #15 with 17,225 formula rows.

=======================================================
  Homebrew Analytics – Top 10 Formulae (30 days)
=======================================================
  Period : 2026-03-05  →  2026-04-04
  Total  : 27,693,136 installs across 23,436 formulae
-------------------------------------------------------
    #  Formula                          Installs      %
-------------------------------------------------------
    1  ca-certificates                   480,271   1.73
    2  openssl@3                         455,736   1.65
    3  xz                                425,217   1.54
    4  sqlite                            415,319   1.50
    5  zstd                              368,257   1.33
    6  node                              359,363   1.30
    7  gh                                336,443   1.21
    8  readline                          306,733   1.11
    9  icu4c@78                          290,668   1.05
   10  lz4                               253,579   0.92
=======================================================

  Database saved to: /Users/sarahye/Downloads/vscodeprojects/wex26/brew_analytics.db


🍺  Homebrew Analytics → SQLite
   Database : /Users/sarahye/Downloads/vscodeprojects/wex26/brew_analytics.db
  Fetching https://formulae.brew.sh/api/analytics/install/30d.json ...
  ✓ Inserted run #16 with 17,272 formula rows.

=======================================================
  Homebrew Analytics – Top 10 Formulae (30 days)
=======================================================
  Period : 2026-03-06  →  2026-04-05
  Total  : 27,465,882 installs across 23,452 formulae
-------------------------------------------------------
    #  Formula                          Installs      %
-------------------------------------------------------
    1  ca-certificates                   480,770   1.75
    2  openssl@3                         450,319   1.64
    3  xz                                427,042   1.55
    4  sqlite                            412,715   1.50
    5  zstd                              363,764   1.32
    6  node                              357,718   1.30
    7  gh                                333,608   1.21
    8  readline                          303,418   1.10
    9  icu4c@78                          289,998   1.06
   10  lz4                               251,771   0.92
=======================================================

  Database saved to: /Users/sarahye/Downloads/vscodeprojects/wex26/brew_analytics.db


🍺  Homebrew Analytics → SQLite
   Database : /Users/sarahye/Downloads/vscodeprojects/wex26/brew_analytics.db
  Fetching https://formulae.brew.sh/api/analytics/install/30d.json ...
  ✓ Inserted run #17 with 17,314 formula rows.

=======================================================
  Homebrew Analytics – Top 10 Formulae (30 days)
=======================================================
  Period : 2026-03-07  →  2026-04-06
  Total  : 27,405,624 installs across 23,524 formulae
-------------------------------------------------------
    #  Formula                          Installs      %
-------------------------------------------------------
    1  ca-certificates                   483,549   1.76
    2  openssl@3                         446,942   1.63
    3  xz                                432,671   1.58
    4  sqlite                            411,628   1.50
    5  zstd                              361,983   1.32
    6  node                              358,564   1.31
    7  gh                                332,181   1.21
    8  readline                          301,502   1.10
    9  icu4c@78                          290,640   1.06
   10  lz4                               251,213   0.92
=======================================================

  Database saved to: /Users/sarahye/Downloads/vscodeprojects/wex26/brew_analytics.db


🍺  Homebrew Analytics → SQLite
   Database : /Users/sarahye/Downloads/vscodeprojects/wex26/brew_analytics.db
  Fetching https://formulae.brew.sh/api/analytics/install/30d.json ...
  ✓ Inserted run #18 with 17,398 formula rows.

=======================================================
  Homebrew Analytics – Top 10 Formulae (30 days)
=======================================================
  Period : 2026-03-08  →  2026-04-07
  Total  : 27,555,561 installs across 23,657 formulae
-------------------------------------------------------
    #  Formula                          Installs      %
-------------------------------------------------------
    1  ca-certificates                   491,967   1.79
    2  openssl@3                         449,082   1.63
    3  xz                                443,594   1.61
    4  sqlite                            414,622   1.50
    5  zstd                              363,591   1.32
    6  node                              362,222   1.31
    7  gh                                333,175   1.21
    8  readline                          303,118   1.10
    9  icu4c@78                          293,438   1.06
   10  lz4                               252,765   0.92
=======================================================

  Database saved to: /Users/sarahye/Downloads/vscodeprojects/wex26/brew_analytics.db


🍺  Homebrew Analytics → SQLite
   Database : /Users/sarahye/Downloads/vscodeprojects/wex26/brew_analytics.db
  Fetching https://formulae.brew.sh/api/analytics/install/30d.json ...
  ✓ Inserted run #19 with 17,458 formula rows.

=======================================================
  Homebrew Analytics – Top 10 Formulae (30 days)
=======================================================
  Period : 2026-03-09  →  2026-04-08
  Total  : 27,599,889 installs across 23,707 formulae
-------------------------------------------------------
    #  Formula                          Installs      %
-------------------------------------------------------
    1  ca-certificates                   498,358   1.81
    2  xz                                451,172   1.63
    3  openssl@3                         448,575   1.63
    4  sqlite                            416,364   1.51
    5  zstd                              363,567   1.32
    6  node                              362,272   1.31
    7  gh                                333,301   1.21
    8  readline                          303,428   1.10
    9  icu4c@78                          295,411   1.07
   10  lz4                               253,808   0.92
=======================================================

  Database saved to: /Users/sarahye/Downloads/vscodeprojects/wex26/brew_analytics.db


🍺  Homebrew Analytics → SQLite
   Database : /Users/sarahye/Downloads/vscodeprojects/wex26/brew_analytics.db
  Fetching https://formulae.brew.sh/api/analytics/install/30d.json ...
  ✓ Inserted run #20 with 17,448 formula rows.

=======================================================
  Homebrew Analytics – Top 10 Formulae (30 days)
=======================================================
  Period : 2026-03-10  →  2026-04-09
  Total  : 27,586,682 installs across 23,722 formulae
-------------------------------------------------------
    #  Formula                          Installs      %
-------------------------------------------------------
    1  ca-certificates                   503,550   1.83
    2  openssl@3                         466,482   1.69
    3  xz                                456,252   1.65
    4  sqlite                            416,177   1.51
    5  zstd                              362,127   1.31
    6  node                              361,451   1.31
    7  gh                                331,206   1.20
    8  readline                          302,200   1.10
    9  icu4c@78                          295,820   1.07
   10  lz4                               254,052   0.92
=======================================================

  Database saved to: /Users/sarahye/Downloads/vscodeprojects/wex26/brew_analytics.db


🍺  Homebrew Analytics → SQLite
   Database : /Users/sarahye/Downloads/vscodeprojects/wex26/brew_analytics.db
  Fetching https://formulae.brew.sh/api/analytics/install/30d.json ...
  ✓ Inserted run #21 with 17,432 formula rows.

=======================================================
  Homebrew Analytics – Top 10 Formulae (30 days)
=======================================================
  Period : 2026-03-11  →  2026-04-10
  Total  : 27,531,318 installs across 23,685 formulae
-------------------------------------------------------
    #  Formula                          Installs      %
-------------------------------------------------------
    1  ca-certificates                   507,947   1.84
    2  openssl@3                         477,325   1.73
    3  xz                                460,908   1.67
    4  sqlite                            415,739   1.51
    5  node                              360,267   1.31
    6  zstd                              360,183   1.31
    7  gh                                319,133   1.16
    8  readline                          300,645   1.09
    9  icu4c@78                          295,948   1.07
   10  python@3.14                       259,469   0.94
=======================================================

  Database saved to: /Users/sarahye/Downloads/vscodeprojects/wex26/brew_analytics.db


🍺  Homebrew Analytics → SQLite
   Database : /Users/sarahye/Downloads/vscodeprojects/wex26/brew_analytics.db
  Fetching https://formulae.brew.sh/api/analytics/install/30d.json ...
  ✓ Inserted run #22 with 17,448 formula rows.

=======================================================
  Homebrew Analytics – Top 10 Formulae (30 days)
=======================================================
  Period : 2026-03-12  →  2026-04-11
  Total  : 27,351,918 installs across 23,653 formulae
-------------------------------------------------------
    #  Formula                          Installs      %
-------------------------------------------------------
    1  ca-certificates                   508,725   1.86
    2  openssl@3                         481,387   1.76
    3  xz                                461,739   1.69
    4  sqlite                            413,364   1.51
    5  zstd                              356,169   1.30
    6  node                              348,775   1.28
    7  gh                                309,915   1.13
    8  readline                          297,310   1.09
    9  icu4c@78                          294,810   1.08
   10  python@3.14                       265,557   0.97
=======================================================

  Database saved to: /Users/sarahye/Downloads/vscodeprojects/wex26/brew_analytics.db


🍺  Homebrew Analytics → SQLite
   Database : /Users/sarahye/Downloads/vscodeprojects/wex26/brew_analytics.db
  Fetching https://formulae.brew.sh/api/analytics/install/30d.json ...

🍺  Homebrew Analytics → SQLite
   Database : /Users/sarahye/Downloads/vscodeprojects/wex26/brew_analytics.db
  Fetching https://formulae.brew.sh/api/analytics/install/30d.json ...
  ✓ Inserted run #23 with 17,471 formula rows.

=======================================================
  Homebrew Analytics – Top 10 Formulae (30 days)
=======================================================
  Period : 2026-03-14  →  2026-04-13
  Total  : 27,118,439 installs across 23,644 formulae
-------------------------------------------------------
    #  Formula                          Installs      %
-------------------------------------------------------
    1  ca-certificates                   512,532   1.89
    2  openssl@3                         489,084   1.80
    3  xz                                466,226   1.72
    4  sqlite                            413,666   1.53
    5  zstd                              350,845   1.29
    6  node                              336,423   1.24
    7  icu4c@78                          294,676   1.09
    8  readline                          292,175   1.08
    9  gh                                291,232   1.07
   10  python@3.14                       274,740   1.01
=======================================================

  Database saved to: /Users/sarahye/Downloads/vscodeprojects/wex26/brew_analytics.db


🍺  Homebrew Analytics → SQLite
   Database : /Users/sarahye/Downloads/vscodeprojects/wex26/brew_analytics.db
  Fetching https://formulae.brew.sh/api/analytics/install/30d.json ...
  ✓ Inserted run #24 with 17,480 formula rows.

=======================================================
  Homebrew Analytics – Top 10 Formulae (30 days)
=======================================================
  Period : 2026-03-15  →  2026-04-14
  Total  : 27,324,877 installs across 23,733 formulae
-------------------------------------------------------
    #  Formula                          Installs      %
-------------------------------------------------------
    1  ca-certificates                   520,267   1.90
    2  openssl@3                         499,264   1.83
    3  xz                                474,375   1.74
    4  sqlite                            416,981   1.53
    5  zstd                              352,839   1.29
    6  node                              341,811   1.25
    7  icu4c@78                          296,805   1.09
    8  readline                          293,483   1.07
    9  gh                                289,361   1.06
   10  python@3.14                       279,884   1.02
=======================================================

  Database saved to: /Users/sarahye/Downloads/vscodeprojects/wex26/brew_analytics.db

